// Vitest Snapshot v1

exports[`utils/cli > render help text 1`] = `
"
  [1m[36mfpdf2pic[39m[22m - A command line tool for converting PDF to images.

  [1mUSAGE[22m

    [1m$[22m [36mfpdf2pic[39m --help
    [1m$[22m [36mfpdf2pic[39m --version
    [1m$[22m [36mfpdf2pic[39m -i [4mpdf_path[24m [-o [4moutput_path[24m]

    By default, [36mfpdf2pic[39m The images will be converted to the folder where the PDF is located when the output path is not specified.

    The following options are available:

    [1m-h, --help[22m                          Shows this help message

    [1m-d, --debug[22m                         Show debugging information

    [1m-v, --version[22m                       Displays the current version of fpdf2pic

    [1m-i, --input-path[22m                    To convert the PDF file path, you can be a single file or folder path

    [1m-o, --output-dir[22m                    the directory to output the images, The default will convert all pages, eg: -o ./pdf_images

    [1m-P, --page-range[22m                    The page range to convert,  eg: -P 1,3、 -P 1

    [1m-W, --width[22m                         The max width of the image to be converted, eg: -W 1024

    [1m-H, --height[22m                        The max height of the image to be converted, eg: -H 768

    [1m-F, --format[22m                        The format of the image to be converted, eg: -F png

    [1m-Q, --quality[22m                       The quality of the image to be converted, eg: -Q 80

    [1m-D, --density[22m                       The density of the image to be converted, eg: -D 300

    [1m-C, --compression[22m                   The compression method of the image to be converted, eg: -C jpeg

"
`;
