// Vitest Snapshot v1

exports[`utilities/cli > render help text 1`] = `
"
  [1m[36mfpdf2jpg[39m[22m - A pdf to image tool

  [1mUSAGE[22m

    [1m$[22m [36mfpdf2jpg[39m --help
    [1m$[22m [36mfpdf2jpg[39m --version
    [1m$[22m [36mfpdf2jpg[39m pdf_path
    [1m$[22m [36mfpdf2jpg[39m [-i [4mpdf_path[24m [-o[4moutput_path[24m] ]

    By default, [36mfpdf2jpg[39m The images will be converted to the folder where the PDF is located when the output path is not specified.

  [1mOPTIONS[22m

    --help                              Shows this help message

    -d, --debug                         Show debugging information

    -v, --version                       Displays the current version of fpdf2jpg

    -i  --input-pdf-path                The path to the pdf to convert to images

    -o, --output-dir                    the directory to output the images to

"
`;
